// Jest Snapshot v1, https://goo.gl/fbAQLP

exports[`renders correctly 1`] = `
<div>
  <nav
    className="navbar navbar-expand navbar-light"
    id="navbar"
  >
    <span
      className="navbar-brand"
    >
      <img
        id="striderLogo"
        src="/Strider-Logo.png"
      />
    </span>
  </nav>
</div>
`;
